2026-06-22 09:11:48 INFO  intake-service started on :8071 env=development
2026-06-22 09:11:48 INFO  connected to postgres host=postgres db=riverbend
2026-06-22 09:13:55 INFO  GET /healthz 200 0.4ms
2026-06-22 09:14:02 INFO  POST /intake body={"name":"Maria Gonzalez","dob":"1971-03-02","ssn":"412-55-9981","insurance_id":"BCBS4471","address":"118 Maple Ave, Beverly Hills, CA 90210","phone":"310-555-0147"}
2026-06-22 09:14:06 INFO  POST /intake 201 patient_id=1042 elapsed=4.31s
2026-06-22 09:17:23 INFO  POST /intake body={"name":"James O'Brien","dob":"1958-11-19","ssn":"501-22-7734","insurance_id":"AETNA9920","address":"42 Birch St, Riverbend, CA 90211","phone":"310-555-0199"}
2026-06-22 09:17:27 INFO  POST /intake 201 patient_id=1043 elapsed=4.58s
2026-06-22 09:21:40 INFO  POST /intake body={"name":"Maria Gonzales","dob":"1971-03-02","ssn":"412-55-9981","insurance_id":"BCBS4471","address":"118 Maple Ave, Beverly Hills, CA 90210","phone":"310-555-0147"}
2026-06-22 09:21:45 INFO  POST /intake 201 patient_id=1330 elapsed=4.42s
2026-06-22 09:31:04 INFO  POST /appointments body={"patient_id":1042,"slot_id":88231} 201 elapsed=2.11s
2026-06-22 09:31:04 INFO  POST /appointments body={"patient_id":1588,"slot_id":88231} 201 elapsed=0.38s
2026-06-22 09:42:10 WARN  eligibility call slow elapsed=2.0s payer=acme-clearinghouse
2026-06-22 09:55:01 INFO  POST /intake body={"name":"M. Gonzalez","dob":"1971-02-03","ssn":"412-55-9981","insurance_id":"BCBS4471","address":"118 Maple Ave, Beverly Hills, CA 90210","phone":"310-555-0147"}
2026-06-22 09:55:06 INFO  POST /intake 201 patient_id=1588 elapsed=4.95s
2026-08-08 09:25:15,576 ERROR [intake-service] intake: eligibility job enqueue failed (error_type=ConnectError)
2026-08-08 09:25:15,657 ERROR [intake-service] intake: eligibility job enqueue failed (error_type=ConnectError)
2026-08-08 09:25:15,657 ERROR [intake-service] intake: eligibility job enqueue failed (error_type=ConnectError)
2026-08-08 09:25:15,658 ERROR [intake-service] intake: eligibility job enqueue failed (error_type=HTTPStatusError)
2026-08-08 09:25:15,658 ERROR [intake-service] intake: eligibility job enqueue failed (error_type=TimeoutException)
2026-08-08 09:25:15,658 INFO [intake-service] POST /intake summary={"correlation_id": "b73f90e07ef44ba6a6f634ca7d9efb86", "created_via": "self_service"}
2026-08-08 09:25:15,659 INFO [intake-service] POST /intake 201 patient_id=1 elapsed=0.00s eligibility_status=None
2026-08-08 09:25:15,660 INFO [intake-service] POST /intake summary={"correlation_id": "36c804dc993245f194103031c7456059", "created_via": "self_service"}
2026-08-08 09:25:15,660 INFO [intake-service] POST /intake 201 patient_id=1 elapsed=0.00s eligibility_status=None
2026-08-08 09:25:15,661 INFO [intake-service] POST /intake summary={"correlation_id": "ebb6edc942ba461eb0935163a38bc303", "created_via": "self_service"}
2026-08-08 09:25:15,661 INFO [intake-service] POST /intake 201 patient_id=1 elapsed=0.00s eligibility_status=pending
2026-08-08 09:25:15,661 INFO [intake-service] POST /intake summary={"correlation_id": "2401fda21cda4715af3f109a2ce65ffa", "created_via": "self_service"}
2026-08-08 09:25:15,717 INFO [intake-service] POST /intake 201 patient_id=1 elapsed=0.06s eligibility_status=pending
2026-08-08 09:25:15,717 INFO [intake-service] POST /intake summary={"correlation_id": "41dd0348ffdb430ab37ee3da88e8b288", "created_via": "self_service"}
2026-08-08 09:25:15,717 ERROR [intake-service] intake: eligibility job enqueue failed (error_type=ConnectionError)
2026-08-08 09:25:15,718 INFO [intake-service] POST /intake 201 patient_id=1 elapsed=0.00s eligibility_status=unknown
2026-08-08 09:25:15,718 INFO [intake-service] POST /intake summary={"correlation_id": "74c3bc2265974f5aa75ac4fdc2dc6918", "created_via": "self_service"}
2026-08-08 09:25:15,718 INFO [intake-service] POST /intake 201 patient_id=1 elapsed=0.00s eligibility_status=None
2026-08-08 09:25:15,718 INFO [intake-service] POST /intake summary={"correlation_id": "e9406d6b409e44d0a08bcb6bf10f2348", "created_via": "self_service"}
2026-08-08 09:25:15,719 INFO [intake-service] POST /intake 201 patient_id=1 elapsed=0.00s eligibility_status=pending
2026-08-08 09:25:15,719 INFO [intake-service] POST /intake summary={"correlation_id": "2197edd7f24c4f10b679887756e25f74", "created_via": "self_service"}
2026-08-08 09:25:15,719 INFO [intake-service] POST /intake 201 patient_id=1 elapsed=0.00s eligibility_status=pending
2026-08-08 09:25:15,720 INFO [intake-service] POST /intake summary={"correlation_id": "db28a253843b4d35b4c73f0eeb2bf744", "created_via": "self_service"}
2026-08-08 09:25:15,720 INFO [intake-service] POST /intake 201 patient_id=1 elapsed=0.00s eligibility_status=pending
2026-08-08 09:25:15,720 INFO [intake-service] POST /intake summary={"correlation_id": "ac455cadc9ad4e158ab22a30f31b8925", "created_via": "unknown"}
2026-08-08 09:25:15,720 INFO [intake-service] POST /intake 201 patient_id=1 elapsed=0.00s eligibility_status=pending
2026-08-08 09:25:15,721 INFO [intake-service] POST /intake summary={"correlation_id": "e51623abff104bd09aeac62fbf4aab5a", "created_via": "self_service"}
2026-08-08 09:25:15,721 INFO [intake-service] POST /intake 201 patient_id=1 elapsed=0.00s eligibility_status=pending
2026-08-08 09:25:15,721 INFO [intake-service] POST /intake summary={"correlation_id": "5f0f4b7e-2c3a-4d5e-8f9a-1b2c3d4e5f6a", "created_via": "self_service"}
2026-08-08 09:25:15,721 INFO [intake-service] POST /intake 201 patient_id=1 elapsed=0.00s eligibility_status=pending
2026-08-08 09:25:15,722 ERROR [intake-service] intake: failed to create patient (error_type=SQLAlchemyError)
2026-08-08 09:25:15,722 ERROR [intake-service] intake: failed to record coverage for patient 1 (error_type=SQLAlchemyError)
2026-08-08 09:25:15,722 INFO [intake-service] POST /intake summary={"correlation_id": "f2e151fac8e24b9cbe13c34cea2d323b", "created_via": "self_service"}
2026-08-08 09:25:15,722 ERROR [intake-service] intake: failed to record consent npp_ack for patient 1 (error_type=SQLAlchemyError)
2026-08-08 09:25:15,723 INFO [intake-service] POST /intake summary={"correlation_id": "a0d8d90779fd42b9ab9c3573230d154d", "created_via": "self_service"}
2026-08-08 09:25:15,723 ERROR [intake-service] intake: failed to record consent treatment_consent for patient 1 (error_type=SQLAlchemyError)
2026-08-08 09:25:15,723 INFO [intake-service] POST /intake summary={"correlation_id": "49695e580b224351830ca17e6135c6f9", "created_via": "self_service"}
2026-08-08 09:25:15,723 INFO [intake-service] POST /intake 201 patient_id=1 elapsed=0.00s eligibility_status=pending
2026-08-08 09:25:15,723 INFO [intake-service] POST /intake summary={"correlation_id": "23ef362db6c94e84afa61f5e44a3338b", "created_via": "self_service"}
2026-08-08 09:25:15,724 INFO [intake-service] POST /intake summary={"correlation_id": "1294fd1b37a7470aa7e69f3bb8f0038f", "created_via": "self_service"}
2026-08-08 09:25:15,724 INFO [intake-service] POST /intake summary={"correlation_id": "8842b7f0bde447a180f5447c92da4ded", "created_via": "self_service"}
2026-08-08 09:25:15,724 INFO [intake-service] POST /intake 201 patient_id=1 elapsed=0.00s eligibility_status=pending
2026-08-08 09:25:15,725 INFO [intake-service] POST /intake summary={"correlation_id": "c3f93e309af2426d9fd82b9dd670c623", "created_via": "self_service"}
2026-08-08 09:25:15,725 INFO [intake-service] POST /intake 201 patient_id=1 elapsed=0.00s eligibility_status=pending
2026-08-08 09:25:15,725 INFO [intake-service] POST /intake summary={"correlation_id": "45960d97fd6d46a6a4195ed14d4e279f", "created_via": "self_service"}
2026-08-08 09:25:15,725 ERROR [intake-service] intake: failed to finalize patient/coverage/consent commit (error_type=SQLAlchemyError)
2026-08-08 09:25:15,726 INFO [intake-service] POST /intake summary={"correlation_id": "9a143f7112994c389fb44ac166124883", "created_via": "self_service"}
2026-08-08 09:25:15,726 INFO [intake-service] POST /intake 201 patient_id=1 elapsed=0.00s eligibility_status=pending
2026-08-08 09:25:15,726 INFO [intake-service] POST /intake summary={"correlation_id": "5e2be3e2638c45aa93210fe0cfd2d646", "created_via": "self_service"}
2026-08-08 09:25:15,726 ERROR [intake-service] intake: failed to check for duplicate patients (error_type=SQLAlchemyError)
2026-08-08 09:34:00,216 ERROR [intake-service] intake: eligibility job enqueue failed (error_type=ConnectError)
2026-08-08 09:34:00,216 ERROR [intake-service] intake: eligibility job enqueue failed (error_type=ConnectError)
2026-08-08 09:34:00,216 ERROR [intake-service] intake: eligibility job enqueue failed (error_type=ConnectError)
2026-08-08 09:34:00,217 ERROR [intake-service] intake: eligibility job enqueue failed (error_type=HTTPStatusError)
2026-08-08 09:34:00,217 ERROR [intake-service] intake: eligibility job enqueue failed (error_type=TimeoutException)
2026-08-08 09:34:00,217 INFO [intake-service] POST /intake summary={"correlation_id": "1443ad1890654fb487c052751d36cf7a", "created_via": "self_service"}
2026-08-08 09:34:00,218 INFO [intake-service] POST /intake 201 patient_id=1 elapsed=0.00s eligibility_status=None
2026-08-08 09:34:00,218 INFO [intake-service] POST /intake summary={"correlation_id": "16ac9f1d90f447ca914c7135b45a47bd", "created_via": "self_service"}
2026-08-08 09:34:00,219 INFO [intake-service] POST /intake 201 patient_id=1 elapsed=0.00s eligibility_status=None
2026-08-08 09:34:00,220 INFO [intake-service] POST /intake summary={"correlation_id": "64ed8fac76024af3a8373a0eb283c1c4", "created_via": "self_service"}
2026-08-08 09:34:00,220 INFO [intake-service] POST /intake 201 patient_id=1 elapsed=0.00s eligibility_status=pending
2026-08-08 09:34:00,220 INFO [intake-service] POST /intake summary={"correlation_id": "2101e7e9130648679b64851703a98701", "created_via": "self_service"}
2026-08-08 09:34:00,275 INFO [intake-service] POST /intake 201 patient_id=1 elapsed=0.05s eligibility_status=pending
2026-08-08 09:34:00,275 INFO [intake-service] POST /intake summary={"correlation_id": "d0ed29a6238843a8b6c86734ec1a1d76", "created_via": "self_service"}
2026-08-08 09:34:00,276 ERROR [intake-service] intake: eligibility job enqueue failed (error_type=ConnectionError)
2026-08-08 09:34:00,276 INFO [intake-service] POST /intake 201 patient_id=1 elapsed=0.00s eligibility_status=unknown
2026-08-08 09:34:00,276 INFO [intake-service] POST /intake summary={"correlation_id": "a8ad304230094540aedf19cde9bbe105", "created_via": "self_service"}
2026-08-08 09:34:00,276 INFO [intake-service] POST /intake 201 patient_id=1 elapsed=0.00s eligibility_status=None
2026-08-08 09:34:00,276 INFO [intake-service] POST /intake summary={"correlation_id": "dca87c7fdf8441858684fea40ca0adfb", "created_via": "self_service"}
2026-08-08 09:34:00,277 INFO [intake-service] POST /intake 201 patient_id=1 elapsed=0.00s eligibility_status=pending
2026-08-08 09:34:00,277 INFO [intake-service] POST /intake summary={"correlation_id": "b38f3a3060cb420cb4828b1f479f6893", "created_via": "self_service"}
2026-08-08 09:34:00,277 INFO [intake-service] POST /intake 201 patient_id=1 elapsed=0.00s eligibility_status=pending
2026-08-08 09:34:00,278 INFO [intake-service] POST /intake summary={"correlation_id": "53454e95384443aba4257064839f986f", "created_via": "self_service"}
2026-08-08 09:34:00,278 INFO [intake-service] POST /intake 201 patient_id=1 elapsed=0.00s eligibility_status=pending
2026-08-08 09:34:00,278 INFO [intake-service] POST /intake summary={"correlation_id": "85ea0f702fa94aa5a62cd3b44df8eccb", "created_via": "unknown"}
2026-08-08 09:34:00,278 INFO [intake-service] POST /intake 201 patient_id=1 elapsed=0.00s eligibility_status=pending
2026-08-08 09:34:00,279 INFO [intake-service] POST /intake summary={"correlation_id": "1dd381ed3def425e87e26bbc241d4744", "created_via": "self_service"}
2026-08-08 09:34:00,279 INFO [intake-service] POST /intake 201 patient_id=1 elapsed=0.00s eligibility_status=pending
2026-08-08 09:34:00,279 INFO [intake-service] POST /intake summary={"correlation_id": "5f0f4b7e-2c3a-4d5e-8f9a-1b2c3d4e5f6a", "created_via": "self_service"}
2026-08-08 09:34:00,279 INFO [intake-service] POST /intake 201 patient_id=1 elapsed=0.00s eligibility_status=pending
2026-08-08 09:34:00,280 ERROR [intake-service] intake: failed to create patient (error_type=SQLAlchemyError)
2026-08-08 09:34:00,280 ERROR [intake-service] intake: failed to record coverage for patient 1 (error_type=SQLAlchemyError)
2026-08-08 09:34:00,280 INFO [intake-service] POST /intake summary={"correlation_id": "e78c44f176a3402aac7d400f99b17a5d", "created_via": "self_service"}
2026-08-08 09:34:00,280 ERROR [intake-service] intake: failed to record consent npp_ack for patient 1 (error_type=SQLAlchemyError)
2026-08-08 09:34:00,281 INFO [intake-service] POST /intake summary={"correlation_id": "b1ec6953c0384e309a9875943d3c3e50", "created_via": "self_service"}
2026-08-08 09:34:00,281 ERROR [intake-service] intake: failed to record consent treatment_consent for patient 1 (error_type=SQLAlchemyError)
2026-08-08 09:34:00,281 INFO [intake-service] POST /intake summary={"correlation_id": "fee4c8c57f3a4ab08064b278b6af7305", "created_via": "self_service"}
2026-08-08 09:34:00,281 INFO [intake-service] POST /intake 201 patient_id=1 elapsed=0.00s eligibility_status=pending
2026-08-08 09:34:00,281 INFO [intake-service] POST /intake summary={"correlation_id": "e3e883130ca5443f9edcff4439dbb202", "created_via": "self_service"}
2026-08-08 09:34:00,282 INFO [intake-service] POST /intake summary={"correlation_id": "7a9090dbc96b4f4fb8de3ab6bcfe1ae6", "created_via": "self_service"}
2026-08-08 09:34:00,282 INFO [intake-service] POST /intake summary={"correlation_id": "30709767bb5c4b7d9dd0048b846e33ff", "created_via": "self_service"}
2026-08-08 09:34:00,282 INFO [intake-service] POST /intake 201 patient_id=1 elapsed=0.00s eligibility_status=pending
2026-08-08 09:34:00,283 INFO [intake-service] POST /intake summary={"correlation_id": "3d65580dbe42415d9f8814d5d88285b2", "created_via": "self_service"}
2026-08-08 09:34:00,283 INFO [intake-service] POST /intake 201 patient_id=1 elapsed=0.00s eligibility_status=pending
2026-08-08 09:34:00,283 INFO [intake-service] POST /intake summary={"correlation_id": "903dca9ad30e42cdb86053c7e0284d1e", "created_via": "self_service"}
2026-08-08 09:34:00,283 ERROR [intake-service] intake: failed to finalize patient/coverage/consent commit (error_type=SQLAlchemyError)
2026-08-08 09:34:00,284 INFO [intake-service] POST /intake summary={"correlation_id": "962a7f90d8c9448eaba971ee3774d42d", "created_via": "self_service"}
2026-08-08 09:34:00,284 INFO [intake-service] POST /intake 201 patient_id=1 elapsed=0.00s eligibility_status=pending
2026-08-08 09:34:00,284 INFO [intake-service] POST /intake summary={"correlation_id": "dadfc67656004e2faa8aa1288f3fc823", "created_via": "self_service"}
2026-08-08 09:34:00,284 ERROR [intake-service] intake: failed to check for duplicate patients (error_type=SQLAlchemyError)
